// Jest Snapshot v1, https://goo.gl/fbAQLP

exports[`Square Component render component 1`] = `
<div
  className="knightContainer"
>
  â™˜
</div>
`;
